
> frontend@0.0.0 build
> vite build

[36mvite v8.1.2 [32mbuilding client environment for production...[36m[39m
[2K
transforming...✓ 16 modules transformed.
node.exe : [31m✗[39m Build failed in 142ms
At line:1 char:1
+ & "C:\Program Files\nodejs/node.exe" "C:\Program Files\nodejs/node_mo ...
+ ~~~~~~~~~~~~~~~~~~~~~~~~~~~~~~~~~~~~~~~~~~~~~~~~~~~~~~~~~~~~~~~~~~~~~
    + CategoryInfo          : NotSpecified: ([31m✗[39m Build failed in 142ms:String) [], RemoteException
    + FullyQualifiedErrorId : NativeCommandError
 
[31merror during build:
[31mBuild failed with 1 error:

[31m[UNRESOLVED_IMPORT] [0mCould not resolve './layouts/ProfileLayout' in src/App.jsx
    [38;5;246m╭[0m[38;5;246m─[0m[38;5;246m[[0m src/App.jsx:13:27 [38;5;246m][0m
    [38;5;246m│[0m
 [38;5;246m13 │[0m 
[38;5;249mi[0m[38;5;249mm[0m[38;5;249mp[0m[38;5;249mo[0m[38;5;249mr[0m[38;5;249mt[0m[38;5;249m [0m[38;5;
249mP[0m[38;5;249mr[0m[38;5;249mo[0m[38;5;249mf[0m[38;5;249mi[0m[38;5;249ml[0m[38;5;249me[0m[38;5;249mL[
0m[38;5;249ma[0m[38;5;249my[0m[38;5;249mo[0m[38;5;249mu[0m[38;5;249mt[0m[38;5;249m 
[0m[38;5;249mf[0m[38;5;249mr[0m[38;5;249mo[0m[38;5;249mm[0m[38;5;249m 
[0m"./layouts/ProfileLayout"[38;5;249m;[0m
 [38;5;240m   │[0m                           ────────────┬────────────  
 [38;5;240m   │[0m                                       ╰────────────── Module not found.
 [38;5;240m   │[0m 
 [38;5;240m   │[0m [38;5;115mHelp[0m: 'src/App.jsx' is imported by the following path:
 [38;5;240m   │[0m         - src/App.jsx
 [38;5;240m   │[0m         - src/main.jsx
 [38;5;240m   │[0m         - index.html
[38;5;246m────╯[0m
[31m
    at aggregateBindingErrorsIntoJsError 
(file:///D:/baocao/frontend/node_modules/rolldown/dist/shared/error-BlQ0-ek7.mjs:48:18)
    at unwrapBindingResult (file:///D:/baocao/frontend/node_modules/rolldown/dist/shared/error-BlQ0-ek7.mjs:18:128)
    at #build (file:///D:/baocao/frontend/node_modules/rolldown/dist/shared/rolldown-build-aV0QeeTW.mjs:3256:34)
    at async buildEnvironment (file:///D:/baocao/frontend/node_modules/vite/dist/node/chunks/node.js:32593:66)
    at async Object.build (file:///D:/baocao/frontend/node_modules/vite/dist/node/chunks/node.js:33015:19)
    at async Object.buildApp (file:///D:/baocao/frontend/node_modules/vite/dist/node/chunks/node.js:33012:153)
    at async CAC.<anonymous> (file:///D:/baocao/frontend/node_modules/vite/dist/node/cli.js:777:3) {
  errors: [Getter/Setter]
}[39m
